// Jest Snapshot v1, https://goo.gl/fbAQLP

exports[`Pruebas en <GifItem/> Debe hacer match con el snapshot  1`] = `
<div>
  <h4>
    one piece
  </h4>
  <img
    alt="one piece"
    src="http://onepiece.com/monkeyDluffy"
  />
</div>
`;
